# serializer version: 1
# name: test_main_cli_snapshot
  '''
  # Found 16 distinct trivial line combinations.
  # Found 4 distinct balancer definitions.
  # Found 8 nontrivial line combinations.
  # Found 8 distinct nontrivial line combinations.
  # Found 128 distinct full solutions.
  # All solutions:
  Safe for 805.0 W        (actual average 811.1 W,        total weight cost 50):  HC Valley Battery × 1/36 = (1/2)^2 × (1/3)^2
  Safe for 880.6 W        (actual average 887.5 W,        total weight cost 50):  HC Valley Battery × 1/32 = (1/2)^5
  Safe for 1006.7 W       (actual average 1014.8 W,       total weight cost 45):  HC Valley Battery × 1/27 = (1/3)^3
  Safe for 1107.5 W       (actual average 1116.7 W,       total weight cost 45):  HC Valley Battery × 1/24 = (1/2)^3 × 1/3
  Safe for 1905.0 W       (actual average 1911.1 W,       total weight cost 50):  HC Valley Battery × 1,  HC Valley Battery × 1/36 = (1/2)^2 × (1/3)^2
  Safe for 1960.0 W       (actual average 1977.8 W,       total weight cost 50):  SC Wuling Battery × 1/36 = (1/2)^2 × (1/3)^2
  Safe for 1980.6 W       (actual average 1987.5 W,       total weight cost 50):  HC Valley Battery × 1,  HC Valley Battery × 1/32 = (1/2)^5
  Safe for 2106.7 W       (actual average 2114.8 W,       total weight cost 45):  HC Valley Battery × 1,  HC Valley Battery × 1/27 = (1/3)^3
  Safe for 2180.0 W       (actual average 2200.0 W,       total weight cost 50):  SC Wuling Battery × 1/32 = (1/2)^5
  Safe for 2207.5 W       (actual average 2216.7 W,       total weight cost 45):  HC Valley Battery × 1,  HC Valley Battery × 1/24 = (1/2)^3 × 1/3
  Safe for 2546.7 W       (actual average 2570.4 W,       total weight cost 45):  SC Wuling Battery × 1/27 = (1/3)^3
  Safe for 2840.0 W       (actual average 2866.7 W,       total weight cost 45):  SC Wuling Battery × 1/24 = (1/2)^3 × 1/3
  Safe for 3005.0 W       (actual average 3011.1 W,       total weight cost 50):  HC Valley Battery × 2,  HC Valley Battery × 1/36 = (1/2)^2 × (1/3)^2
  Safe for 3060.0 W       (actual average 3077.8 W,       total weight cost 50):  HC Valley Battery × 1,  SC Wuling Battery × 1/36 = (1/2)^2 × (1/3)^2
  Safe for 3080.6 W       (actual average 3087.5 W,       total weight cost 50):  HC Valley Battery × 2,  HC Valley Battery × 1/32 = (1/2)^5
  Safe for 3206.7 W       (actual average 3214.8 W,       total weight cost 45):  HC Valley Battery × 2,  HC Valley Battery × 1/27 = (1/3)^3
  Safe for 3280.0 W       (actual average 3300.0 W,       total weight cost 50):  HC Valley Battery × 1,  SC Wuling Battery × 1/32 = (1/2)^5
  Safe for 3307.5 W       (actual average 3316.7 W,       total weight cost 45):  HC Valley Battery × 2,  HC Valley Battery × 1/24 = (1/2)^3 × 1/3
  Safe for 3646.7 W       (actual average 3670.4 W,       total weight cost 45):  HC Valley Battery × 1,  SC Wuling Battery × 1/27 = (1/3)^3
  Safe for 3940.0 W       (actual average 3966.7 W,       total weight cost 45):  HC Valley Battery × 1,  SC Wuling Battery × 1/24 = (1/2)^3 × 1/3
  Safe for 4005.0 W       (actual average 4011.1 W,       total weight cost 50):  SC Wuling Battery × 1,  HC Valley Battery × 1/36 = (1/2)^2 × (1/3)^2
  Safe for 4080.6 W       (actual average 4087.5 W,       total weight cost 50):  SC Wuling Battery × 1,  HC Valley Battery × 1/32 = (1/2)^5
  Safe for 4105.0 W       (actual average 4111.1 W,       total weight cost 50):  HC Valley Battery × 3,  HC Valley Battery × 1/36 = (1/2)^2 × (1/3)^2
  Safe for 4160.0 W       (actual average 4177.8 W,       total weight cost 50):  HC Valley Battery × 2,  SC Wuling Battery × 1/36 = (1/2)^2 × (1/3)^2
  Safe for 4180.6 W       (actual average 4187.5 W,       total weight cost 50):  HC Valley Battery × 3,  HC Valley Battery × 1/32 = (1/2)^5
  Safe for 4206.7 W       (actual average 4214.8 W,       total weight cost 45):  SC Wuling Battery × 1,  HC Valley Battery × 1/27 = (1/3)^3
  Safe for 4306.7 W       (actual average 4314.8 W,       total weight cost 45):  HC Valley Battery × 3,  HC Valley Battery × 1/27 = (1/3)^3
  Safe for 4307.5 W       (actual average 4316.7 W,       total weight cost 45):  SC Wuling Battery × 1,  HC Valley Battery × 1/24 = (1/2)^3 × 1/3
  Safe for 4380.0 W       (actual average 4400.0 W,       total weight cost 50):  HC Valley Battery × 2,  SC Wuling Battery × 1/32 = (1/2)^5
  Safe for 4407.5 W       (actual average 4416.7 W,       total weight cost 45):  HC Valley Battery × 3,  HC Valley Battery × 1/24 = (1/2)^3 × 1/3
  Safe for 4746.7 W       (actual average 4770.4 W,       total weight cost 45):  HC Valley Battery × 2,  SC Wuling Battery × 1/27 = (1/3)^3
  Safe for 5040.0 W       (actual average 5066.7 W,       total weight cost 45):  HC Valley Battery × 2,  SC Wuling Battery × 1/24 = (1/2)^3 × 1/3
  Safe for 5105.0 W       (actual average 5111.1 W,       total weight cost 50):  HC Valley Battery × 1,  SC Wuling Battery × 1,  HC Valley Battery × 1/36 = (1/2)^2 × (1/3)^2
  Safe for 5160.0 W       (actual average 5177.8 W,       total weight cost 50):  SC Wuling Battery × 1,  SC Wuling Battery × 1/36 = (1/2)^2 × (1/3)^2
  Safe for 5180.6 W       (actual average 5187.5 W,       total weight cost 50):  HC Valley Battery × 1,  SC Wuling Battery × 1,  HC Valley Battery × 1/32 = (1/2)^5
  Safe for 5260.0 W       (actual average 5277.8 W,       total weight cost 50):  HC Valley Battery × 3,  SC Wuling Battery × 1/36 = (1/2)^2 × (1/3)^2
  Safe for 5306.7 W       (actual average 5314.8 W,       total weight cost 45):  HC Valley Battery × 1,  SC Wuling Battery × 1,  HC Valley Battery × 1/27 = (1/3)^3
  Safe for 5380.0 W       (actual average 5400.0 W,       total weight cost 50):  SC Wuling Battery × 1,  SC Wuling Battery × 1/32 = (1/2)^5
  Safe for 5407.5 W       (actual average 5416.7 W,       total weight cost 45):  HC Valley Battery × 1,  SC Wuling Battery × 1,  HC Valley Battery × 1/24 = (1/2)^3 × 1/3
  Safe for 5480.0 W       (actual average 5500.0 W,       total weight cost 50):  HC Valley Battery × 3,  SC Wuling Battery × 1/32 = (1/2)^5
  Safe for 5746.7 W       (actual average 5770.4 W,       total weight cost 45):  SC Wuling Battery × 1,  SC Wuling Battery × 1/27 = (1/3)^3
  Safe for 5846.7 W       (actual average 5870.4 W,       total weight cost 45):  HC Valley Battery × 3,  SC Wuling Battery × 1/27 = (1/3)^3
  Safe for 6040.0 W       (actual average 6066.7 W,       total weight cost 45):  SC Wuling Battery × 1,  SC Wuling Battery × 1/24 = (1/2)^3 × 1/3
  Safe for 6140.0 W       (actual average 6166.7 W,       total weight cost 45):  HC Valley Battery × 3,  SC Wuling Battery × 1/24 = (1/2)^3 × 1/3
  Safe for 6205.0 W       (actual average 6211.1 W,       total weight cost 50):  HC Valley Battery × 2,  SC Wuling Battery × 1,  HC Valley Battery × 1/36 = (1/2)^2 × (1/3)^2
  Safe for 6260.0 W       (actual average 6277.8 W,       total weight cost 50):  HC Valley Battery × 1,  SC Wuling Battery × 1,  SC Wuling Battery × 1/36 = (1/2)^2 × (1/3)^2
  Safe for 6280.6 W       (actual average 6287.5 W,       total weight cost 50):  HC Valley Battery × 2,  SC Wuling Battery × 1,  HC Valley Battery × 1/32 = (1/2)^5
  Safe for 6406.7 W       (actual average 6414.8 W,       total weight cost 45):  HC Valley Battery × 2,  SC Wuling Battery × 1,  HC Valley Battery × 1/27 = (1/3)^3
  Safe for 6480.0 W       (actual average 6500.0 W,       total weight cost 50):  HC Valley Battery × 1,  SC Wuling Battery × 1,  SC Wuling Battery × 1/32 = (1/2)^5
  Safe for 6507.5 W       (actual average 6516.7 W,       total weight cost 45):  HC Valley Battery × 2,  SC Wuling Battery × 1,  HC Valley Battery × 1/24 = (1/2)^3 × 1/3
  Safe for 6846.7 W       (actual average 6870.4 W,       total weight cost 45):  HC Valley Battery × 1,  SC Wuling Battery × 1,  SC Wuling Battery × 1/27 = (1/3)^3
  Safe for 7140.0 W       (actual average 7166.7 W,       total weight cost 45):  HC Valley Battery × 1,  SC Wuling Battery × 1,  SC Wuling Battery × 1/24 = (1/2)^3 × 1/3
  Safe for 7205.0 W       (actual average 7211.1 W,       total weight cost 50):  SC Wuling Battery × 2,  HC Valley Battery × 1/36 = (1/2)^2 × (1/3)^2
  Safe for 7280.6 W       (actual average 7287.5 W,       total weight cost 50):  SC Wuling Battery × 2,  HC Valley Battery × 1/32 = (1/2)^5
  Safe for 7305.0 W       (actual average 7311.1 W,       total weight cost 50):  HC Valley Battery × 3,  SC Wuling Battery × 1,  HC Valley Battery × 1/36 = (1/2)^2 × (1/3)^2
  Safe for 7360.0 W       (actual average 7377.8 W,       total weight cost 50):  HC Valley Battery × 2,  SC Wuling Battery × 1,  SC Wuling Battery × 1/36 = (1/2)^2 × (1/3)^2
  Safe for 7380.6 W       (actual average 7387.5 W,       total weight cost 50):  HC Valley Battery × 3,  SC Wuling Battery × 1,  HC Valley Battery × 1/32 = (1/2)^5
  Safe for 7406.7 W       (actual average 7414.8 W,       total weight cost 45):  SC Wuling Battery × 2,  HC Valley Battery × 1/27 = (1/3)^3
  Safe for 7506.7 W       (actual average 7514.8 W,       total weight cost 45):  HC Valley Battery × 3,  SC Wuling Battery × 1,  HC Valley Battery × 1/27 = (1/3)^3
  Safe for 7507.5 W       (actual average 7516.7 W,       total weight cost 45):  SC Wuling Battery × 2,  HC Valley Battery × 1/24 = (1/2)^3 × 1/3
  Safe for 7580.0 W       (actual average 7600.0 W,       total weight cost 50):  HC Valley Battery × 2,  SC Wuling Battery × 1,  SC Wuling Battery × 1/32 = (1/2)^5
  Safe for 7607.5 W       (actual average 7616.7 W,       total weight cost 45):  HC Valley Battery × 3,  SC Wuling Battery × 1,  HC Valley Battery × 1/24 = (1/2)^3 × 1/3
  Safe for 7946.7 W       (actual average 7970.4 W,       total weight cost 45):  HC Valley Battery × 2,  SC Wuling Battery × 1,  SC Wuling Battery × 1/27 = (1/3)^3
  Safe for 8240.0 W       (actual average 8266.7 W,       total weight cost 45):  HC Valley Battery × 2,  SC Wuling Battery × 1,  SC Wuling Battery × 1/24 = (1/2)^3 × 1/3
  Safe for 8305.0 W       (actual average 8311.1 W,       total weight cost 50):  HC Valley Battery × 1,  SC Wuling Battery × 2,  HC Valley Battery × 1/36 = (1/2)^2 × (1/3)^2
  Safe for 8360.0 W       (actual average 8377.8 W,       total weight cost 50):  SC Wuling Battery × 2,  SC Wuling Battery × 1/36 = (1/2)^2 × (1/3)^2
  Safe for 8380.6 W       (actual average 8387.5 W,       total weight cost 50):  HC Valley Battery × 1,  SC Wuling Battery × 2,  HC Valley Battery × 1/32 = (1/2)^5
  Safe for 8460.0 W       (actual average 8477.8 W,       total weight cost 50):  HC Valley Battery × 3,  SC Wuling Battery × 1,  SC Wuling Battery × 1/36 = (1/2)^2 × (1/3)^2
  Safe for 8506.7 W       (actual average 8514.8 W,       total weight cost 45):  HC Valley Battery × 1,  SC Wuling Battery × 2,  HC Valley Battery × 1/27 = (1/3)^3
  Safe for 8580.0 W       (actual average 8600.0 W,       total weight cost 50):  SC Wuling Battery × 2,  SC Wuling Battery × 1/32 = (1/2)^5
  Safe for 8607.5 W       (actual average 8616.7 W,       total weight cost 45):  HC Valley Battery × 1,  SC Wuling Battery × 2,  HC Valley Battery × 1/24 = (1/2)^3 × 1/3
  Safe for 8680.0 W       (actual average 8700.0 W,       total weight cost 50):  HC Valley Battery × 3,  SC Wuling Battery × 1,  SC Wuling Battery × 1/32 = (1/2)^5
  Safe for 8946.7 W       (actual average 8970.4 W,       total weight cost 45):  SC Wuling Battery × 2,  SC Wuling Battery × 1/27 = (1/3)^3
  Safe for 9046.7 W       (actual average 9070.4 W,       total weight cost 45):  HC Valley Battery × 3,  SC Wuling Battery × 1,  SC Wuling Battery × 1/27 = (1/3)^3
  Safe for 9240.0 W       (actual average 9266.7 W,       total weight cost 45):  SC Wuling Battery × 2,  SC Wuling Battery × 1/24 = (1/2)^3 × 1/3
  Safe for 9340.0 W       (actual average 9366.7 W,       total weight cost 45):  HC Valley Battery × 3,  SC Wuling Battery × 1,  SC Wuling Battery × 1/24 = (1/2)^3 × 1/3
  Safe for 9405.0 W       (actual average 9411.1 W,       total weight cost 50):  HC Valley Battery × 2,  SC Wuling Battery × 2,  HC Valley Battery × 1/36 = (1/2)^2 × (1/3)^2
  Safe for 9460.0 W       (actual average 9477.8 W,       total weight cost 50):  HC Valley Battery × 1,  SC Wuling Battery × 2,  SC Wuling Battery × 1/36 = (1/2)^2 × (1/3)^2
  Safe for 9480.6 W       (actual average 9487.5 W,       total weight cost 50):  HC Valley Battery × 2,  SC Wuling Battery × 2,  HC Valley Battery × 1/32 = (1/2)^5
  Safe for 9606.7 W       (actual average 9614.8 W,       total weight cost 45):  HC Valley Battery × 2,  SC Wuling Battery × 2,  HC Valley Battery × 1/27 = (1/3)^3
  Safe for 9680.0 W       (actual average 9700.0 W,       total weight cost 50):  HC Valley Battery × 1,  SC Wuling Battery × 2,  SC Wuling Battery × 1/32 = (1/2)^5
  Safe for 9707.5 W       (actual average 9716.7 W,       total weight cost 45):  HC Valley Battery × 2,  SC Wuling Battery × 2,  HC Valley Battery × 1/24 = (1/2)^3 × 1/3
  Safe for 10046.7 W      (actual average 10070.4 W,      total weight cost 45):  HC Valley Battery × 1,  SC Wuling Battery × 2,  SC Wuling Battery × 1/27 = (1/3)^3
  Safe for 10340.0 W      (actual average 10366.7 W,      total weight cost 45):  HC Valley Battery × 1,  SC Wuling Battery × 2,  SC Wuling Battery × 1/24 = (1/2)^3 × 1/3
  Safe for 10405.0 W      (actual average 10411.1 W,      total weight cost 50):  SC Wuling Battery × 3,  HC Valley Battery × 1/36 = (1/2)^2 × (1/3)^2
  Safe for 10480.6 W      (actual average 10487.5 W,      total weight cost 50):  SC Wuling Battery × 3,  HC Valley Battery × 1/32 = (1/2)^5
  Safe for 10505.0 W      (actual average 10511.1 W,      total weight cost 50):  HC Valley Battery × 3,  SC Wuling Battery × 2,  HC Valley Battery × 1/36 = (1/2)^2 × (1/3)^2
  Safe for 10560.0 W      (actual average 10577.8 W,      total weight cost 50):  HC Valley Battery × 2,  SC Wuling Battery × 2,  SC Wuling Battery × 1/36 = (1/2)^2 × (1/3)^2
  Safe for 10580.6 W      (actual average 10587.5 W,      total weight cost 50):  HC Valley Battery × 3,  SC Wuling Battery × 2,  HC Valley Battery × 1/32 = (1/2)^5
  Safe for 10606.7 W      (actual average 10614.8 W,      total weight cost 45):  SC Wuling Battery × 3,  HC Valley Battery × 1/27 = (1/3)^3
  Safe for 10706.7 W      (actual average 10714.8 W,      total weight cost 45):  HC Valley Battery × 3,  SC Wuling Battery × 2,  HC Valley Battery × 1/27 = (1/3)^3
  Safe for 10707.5 W      (actual average 10716.7 W,      total weight cost 45):  SC Wuling Battery × 3,  HC Valley Battery × 1/24 = (1/2)^3 × 1/3
  Safe for 10780.0 W      (actual average 10800.0 W,      total weight cost 50):  HC Valley Battery × 2,  SC Wuling Battery × 2,  SC Wuling Battery × 1/32 = (1/2)^5
  Safe for 10807.5 W      (actual average 10816.7 W,      total weight cost 45):  HC Valley Battery × 3,  SC Wuling Battery × 2,  HC Valley Battery × 1/24 = (1/2)^3 × 1/3
  Safe for 11146.7 W      (actual average 11170.4 W,      total weight cost 45):  HC Valley Battery × 2,  SC Wuling Battery × 2,  SC Wuling Battery × 1/27 = (1/3)^3
  Safe for 11440.0 W      (actual average 11466.7 W,      total weight cost 45):  HC Valley Battery × 2,  SC Wuling Battery × 2,  SC Wuling Battery × 1/24 = (1/2)^3 × 1/3
  Safe for 11505.0 W      (actual average 11511.1 W,      total weight cost 50):  HC Valley Battery × 1,  SC Wuling Battery × 3,  HC Valley Battery × 1/36 = (1/2)^2 × (1/3)^2
  Safe for 11560.0 W      (actual average 11577.8 W,      total weight cost 50):  SC Wuling Battery × 3,  SC Wuling Battery × 1/36 = (1/2)^2 × (1/3)^2
  Safe for 11580.6 W      (actual average 11587.5 W,      total weight cost 50):  HC Valley Battery × 1,  SC Wuling Battery × 3,  HC Valley Battery × 1/32 = (1/2)^5
  Safe for 11660.0 W      (actual average 11677.8 W,      total weight cost 50):  HC Valley Battery × 3,  SC Wuling Battery × 2,  SC Wuling Battery × 1/36 = (1/2)^2 × (1/3)^2
  Safe for 11706.7 W      (actual average 11714.8 W,      total weight cost 45):  HC Valley Battery × 1,  SC Wuling Battery × 3,  HC Valley Battery × 1/27 = (1/3)^3
  Safe for 11780.0 W      (actual average 11800.0 W,      total weight cost 50):  SC Wuling Battery × 3,  SC Wuling Battery × 1/32 = (1/2)^5
  Safe for 11807.5 W      (actual average 11816.7 W,      total weight cost 45):  HC Valley Battery × 1,  SC Wuling Battery × 3,  HC Valley Battery × 1/24 = (1/2)^3 × 1/3
  Safe for 11880.0 W      (actual average 11900.0 W,      total weight cost 50):  HC Valley Battery × 3,  SC Wuling Battery × 2,  SC Wuling Battery × 1/32 = (1/2)^5
  Safe for 12146.7 W      (actual average 12170.4 W,      total weight cost 45):  SC Wuling Battery × 3,  SC Wuling Battery × 1/27 = (1/3)^3
  Safe for 12246.7 W      (actual average 12270.4 W,      total weight cost 45):  HC Valley Battery × 3,  SC Wuling Battery × 2,  SC Wuling Battery × 1/27 = (1/3)^3
  Safe for 12440.0 W      (actual average 12466.7 W,      total weight cost 45):  SC Wuling Battery × 3,  SC Wuling Battery × 1/24 = (1/2)^3 × 1/3
  Safe for 12540.0 W      (actual average 12566.7 W,      total weight cost 45):  HC Valley Battery × 3,  SC Wuling Battery × 2,  SC Wuling Battery × 1/24 = (1/2)^3 × 1/3
  Safe for 12605.0 W      (actual average 12611.1 W,      total weight cost 50):  HC Valley Battery × 2,  SC Wuling Battery × 3,  HC Valley Battery × 1/36 = (1/2)^2 × (1/3)^2
  Safe for 12660.0 W      (actual average 12677.8 W,      total weight cost 50):  HC Valley Battery × 1,  SC Wuling Battery × 3,  SC Wuling Battery × 1/36 = (1/2)^2 × (1/3)^2
  Safe for 12680.6 W      (actual average 12687.5 W,      total weight cost 50):  HC Valley Battery × 2,  SC Wuling Battery × 3,  HC Valley Battery × 1/32 = (1/2)^5
  Safe for 12806.7 W      (actual average 12814.8 W,      total weight cost 45):  HC Valley Battery × 2,  SC Wuling Battery × 3,  HC Valley Battery × 1/27 = (1/3)^3
  Safe for 12880.0 W      (actual average 12900.0 W,      total weight cost 50):  HC Valley Battery × 1,  SC Wuling Battery × 3,  SC Wuling Battery × 1/32 = (1/2)^5
  Safe for 12907.5 W      (actual average 12916.7 W,      total weight cost 45):  HC Valley Battery × 2,  SC Wuling Battery × 3,  HC Valley Battery × 1/24 = (1/2)^3 × 1/3
  Safe for 13246.7 W      (actual average 13270.4 W,      total weight cost 45):  HC Valley Battery × 1,  SC Wuling Battery × 3,  SC Wuling Battery × 1/27 = (1/3)^3
  Safe for 13540.0 W      (actual average 13566.7 W,      total weight cost 45):  HC Valley Battery × 1,  SC Wuling Battery × 3,  SC Wuling Battery × 1/24 = (1/2)^3 × 1/3
  Safe for 13705.0 W      (actual average 13711.1 W,      total weight cost 50):  HC Valley Battery × 3,  SC Wuling Battery × 3,  HC Valley Battery × 1/36 = (1/2)^2 × (1/3)^2
  Safe for 13760.0 W      (actual average 13777.8 W,      total weight cost 50):  HC Valley Battery × 2,  SC Wuling Battery × 3,  SC Wuling Battery × 1/36 = (1/2)^2 × (1/3)^2
  Safe for 13780.6 W      (actual average 13787.5 W,      total weight cost 50):  HC Valley Battery × 3,  SC Wuling Battery × 3,  HC Valley Battery × 1/32 = (1/2)^5
  Safe for 13906.7 W      (actual average 13914.8 W,      total weight cost 45):  HC Valley Battery × 3,  SC Wuling Battery × 3,  HC Valley Battery × 1/27 = (1/3)^3
  Safe for 13980.0 W      (actual average 14000.0 W,      total weight cost 50):  HC Valley Battery × 2,  SC Wuling Battery × 3,  SC Wuling Battery × 1/32 = (1/2)^5
  Safe for 14007.5 W      (actual average 14016.7 W,      total weight cost 45):  HC Valley Battery × 3,  SC Wuling Battery × 3,  HC Valley Battery × 1/24 = (1/2)^3 × 1/3
  Safe for 14346.7 W      (actual average 14370.4 W,      total weight cost 45):  HC Valley Battery × 2,  SC Wuling Battery × 3,  SC Wuling Battery × 1/27 = (1/3)^3
  Safe for 14640.0 W      (actual average 14666.7 W,      total weight cost 45):  HC Valley Battery × 2,  SC Wuling Battery × 3,  SC Wuling Battery × 1/24 = (1/2)^3 × 1/3
  Safe for 14860.0 W      (actual average 14877.8 W,      total weight cost 50):  HC Valley Battery × 3,  SC Wuling Battery × 3,  SC Wuling Battery × 1/36 = (1/2)^2 × (1/3)^2
  Safe for 15080.0 W      (actual average 15100.0 W,      total weight cost 50):  HC Valley Battery × 3,  SC Wuling Battery × 3,  SC Wuling Battery × 1/32 = (1/2)^5
  Safe for 15446.7 W      (actual average 15470.4 W,      total weight cost 45):  HC Valley Battery × 3,  SC Wuling Battery × 3,  SC Wuling Battery × 1/27 = (1/3)^3
  Safe for 15740.0 W      (actual average 15766.7 W,      total weight cost 45):  HC Valley Battery × 3,  SC Wuling Battery × 3,  SC Wuling Battery × 1/24 = (1/2)^3 × 1/3
  
  '''
# ---
